/usr/include/c++/10/new:174:33:void* operator new(std::size_t, void*)	16	static
/usr/include/c++/10/bits/stl_vector.h:128:14:std::_Vector_base<int, std::allocator<int> >::_Vector_impl::~_Vector_impl()	16	static
/usr/include/c++/10/bits/stl_vector.h:288:7:std::_Vector_base<_Tp, _Alloc>::_Vector_base() [with _Tp = int; _Alloc = std::allocator<int>]	16	static
/usr/include/c++/10/bits/stl_vector.h:487:7:std::vector<_Tp, _Alloc>::vector() [with _Tp = int; _Alloc = std::allocator<int>]	16	static
/usr/include/opencv4/opencv2/core/mat.inl.hpp:91:13:void cv::_InputArray::init(int, const void*)	24	static
/usr/include/opencv4/opencv2/core/mat.inl.hpp:103:8:cv::_InputArray::_InputArray(const cv::Mat&)	16	static
/usr/include/opencv4/opencv2/core/mat.inl.hpp:178:8:cv::_InputArray::~_InputArray()	16	static
/usr/include/opencv4/opencv2/flann/any.h:36:22:std::ostream& cvflann::anyimpl::operator<<(std::ostream&, const cvflann::anyimpl::empty_any&)	16	static
/usr/include/opencv4/opencv2/flann/any.h:53:13:cvflann::anyimpl::base_any_policy::~base_any_policy()	16	static
/usr/include/opencv4/opencv2/flann/any.h:53:13:virtual cvflann::anyimpl::base_any_policy::~base_any_policy()	16	static
/usr/include/opencv4/opencv2/flann/any.h:105:24:void cvflann::anyimpl::big_any_policy<T>::print(std::ostream&, void* const*) [with T = cvflann::flann_centers_init_t]	24	static
/usr/include/opencv4/opencv2/flann/any.h:110:24:void cvflann::anyimpl::big_any_policy<T>::print(std::ostream&, void* const*) [with T = cvflann::flann_algorithm_t]	24	static
/usr/include/opencv4/opencv2/flann/any.h:115:24:void cvflann::anyimpl::big_any_policy<T>::print(std::ostream&, void* const*) [with T = std::__cxx11::basic_string<char>]	24	static
capture.cpp:4:5:int main()	152	static
/usr/include/c++/10/bits/stl_vector.h:131:2:std::_Vector_base<_Tp, _Alloc>::_Vector_impl::_Vector_impl() [with _Tp = int; _Alloc = std::allocator<int>]	16	static
/usr/include/c++/10/bits/allocator.h:162:7:std::allocator< <template-parameter-1-1> >::~allocator() [with _Tp = int]	16	static
/usr/include/c++/10/bits/stl_vector.h:333:7:std::_Vector_base<_Tp, _Alloc>::~_Vector_base() [with _Tp = int; _Alloc = std::allocator<int>]	16	static
/usr/include/c++/10/bits/stl_vector.h:678:7:std::vector<_Tp, _Alloc>::~vector() [with _Tp = int; _Alloc = std::allocator<int>]	24	static
/usr/include/opencv4/opencv2/core/types.hpp:1681:1:cv::Size_<_Tp>::Size_() [with _Tp = int]	16	static
/usr/include/opencv4/opencv2/flann/any.h:57:8:cvflann::anyimpl::typed_base_any_policy<cvflann::anyimpl::empty_any>::~typed_base_any_policy()	16	static
/usr/include/opencv4/opencv2/flann/any.h:57:8:virtual cvflann::anyimpl::typed_base_any_policy<cvflann::anyimpl::empty_any>::~typed_base_any_policy()	16	static
/usr/include/c++/10/bits/allocator.h:144:7:std::allocator< <template-parameter-1-1> >::allocator() [with _Tp = int]	16	static
/usr/include/c++/10/bits/stl_vector.h:97:2:std::_Vector_base<_Tp, _Alloc>::_Vector_impl_data::_Vector_impl_data() [with _Tp = int; _Alloc = std::allocator<int>]	16	static
/usr/include/c++/10/ext/new_allocator.h:89:7:__gnu_cxx::new_allocator<_Tp>::~new_allocator() [with _Tp = int]	16	static
/usr/include/c++/10/bits/stl_vector.h:350:7:void std::_Vector_base<_Tp, _Alloc>::_M_deallocate(std::_Vector_base<_Tp, _Alloc>::pointer, std::size_t) [with _Tp = int; _Alloc = std::allocator<int>]	24	static
/usr/include/c++/10/bits/stl_vector.h:276:7:std::_Vector_base<_Tp, _Alloc>::_Tp_alloc_type& std::_Vector_base<_Tp, _Alloc>::_M_get_Tp_allocator() [with _Tp = int; _Alloc = std::allocator<int>]	16	static
/usr/include/c++/10/bits/alloc_traits.h:735:5:void std::_Destroy(_ForwardIterator, _ForwardIterator, std::allocator<_T2>&) [with _ForwardIterator = int*; _Tp = int]	24	static
/usr/include/opencv4/opencv2/flann/any.h:57:8:cvflann::anyimpl::typed_base_any_policy<const char*>::~typed_base_any_policy()	16	static
/usr/include/opencv4/opencv2/flann/any.h:57:8:virtual cvflann::anyimpl::typed_base_any_policy<const char*>::~typed_base_any_policy()	16	static
/usr/include/c++/10/ext/new_allocator.h:79:7:__gnu_cxx::new_allocator<_Tp>::new_allocator() [with _Tp = int]	16	static
/usr/include/c++/10/bits/alloc_traits.h:491:7:static void std::allocator_traits<std::allocator<_CharT> >::deallocate(std::allocator_traits<std::allocator<_CharT> >::allocator_type&, std::allocator_traits<std::allocator<_CharT> >::pointer, std::allocator_traits<std::allocator<_CharT> >::size_type) [with _Tp = int]	24	static
/usr/include/c++/10/bits/stl_construct.h:171:5:void std::_Destroy(_ForwardIterator, _ForwardIterator) [with _ForwardIterator = int*]	16	static
/usr/include/opencv4/opencv2/flann/any.h:57:8:cvflann::anyimpl::typed_base_any_policy<int>::~typed_base_any_policy()	16	static
/usr/include/opencv4/opencv2/flann/any.h:57:8:virtual cvflann::anyimpl::typed_base_any_policy<int>::~typed_base_any_policy()	16	static
/usr/include/opencv4/opencv2/flann/any.h:57:8:cvflann::anyimpl::typed_base_any_policy<float>::~typed_base_any_policy()	16	static
/usr/include/opencv4/opencv2/flann/any.h:57:8:virtual cvflann::anyimpl::typed_base_any_policy<float>::~typed_base_any_policy()	16	static
/usr/include/opencv4/opencv2/flann/any.h:57:8:cvflann::anyimpl::typed_base_any_policy<bool>::~typed_base_any_policy()	16	static
/usr/include/opencv4/opencv2/flann/any.h:57:8:virtual cvflann::anyimpl::typed_base_any_policy<bool>::~typed_base_any_policy()	16	static
/usr/include/opencv4/opencv2/flann/any.h:57:8:cvflann::anyimpl::typed_base_any_policy<cvflann::flann_algorithm_t>::~typed_base_any_policy()	16	static
/usr/include/opencv4/opencv2/flann/any.h:57:8:virtual cvflann::anyimpl::typed_base_any_policy<cvflann::flann_algorithm_t>::~typed_base_any_policy()	16	static
/usr/include/opencv4/opencv2/flann/any.h:57:8:cvflann::anyimpl::typed_base_any_policy<cvflann::flann_centers_init_t>::~typed_base_any_policy()	16	static
/usr/include/opencv4/opencv2/flann/any.h:57:8:virtual cvflann::anyimpl::typed_base_any_policy<cvflann::flann_centers_init_t>::~typed_base_any_policy()	16	static
/usr/include/opencv4/opencv2/flann/any.h:57:8:cvflann::anyimpl::typed_base_any_policy<std::__cxx11::basic_string<char> >::~typed_base_any_policy()	16	static
/usr/include/opencv4/opencv2/flann/any.h:57:8:virtual cvflann::anyimpl::typed_base_any_policy<std::__cxx11::basic_string<char> >::~typed_base_any_policy()	16	static
/usr/include/c++/10/ext/new_allocator.h:120:7:void __gnu_cxx::new_allocator<_Tp>::deallocate(_Tp*, __gnu_cxx::new_allocator<_Tp>::size_type) [with _Tp = int]	24	static
/usr/include/c++/10/bits/stl_construct.h:161:9:static void std::_Destroy_aux<true>::__destroy(_ForwardIterator, _ForwardIterator) [with _ForwardIterator = int*]	16	static
/usr/include/opencv4/opencv2/flann/any.h:65:8:cvflann::anyimpl::small_any_policy<bool>::~small_any_policy()	16	static
/usr/include/opencv4/opencv2/flann/any.h:65:8:virtual cvflann::anyimpl::small_any_policy<bool>::~small_any_policy()	16	static
/usr/include/opencv4/opencv2/flann/any.h:65:8:cvflann::anyimpl::small_any_policy<float>::~small_any_policy()	16	static
/usr/include/opencv4/opencv2/flann/any.h:65:8:virtual cvflann::anyimpl::small_any_policy<float>::~small_any_policy()	16	static
/usr/include/opencv4/opencv2/flann/any.h:65:8:cvflann::anyimpl::small_any_policy<int>::~small_any_policy()	16	static
/usr/include/opencv4/opencv2/flann/any.h:65:8:virtual cvflann::anyimpl::small_any_policy<int>::~small_any_policy()	16	static
/usr/include/opencv4/opencv2/flann/any.h:65:8:cvflann::anyimpl::small_any_policy<const char*>::~small_any_policy()	16	static
/usr/include/opencv4/opencv2/flann/any.h:65:8:virtual cvflann::anyimpl::small_any_policy<const char*>::~small_any_policy()	16	static
/usr/include/opencv4/opencv2/flann/any.h:80:8:cvflann::anyimpl::big_any_policy<cvflann::anyimpl::empty_any>::~big_any_policy()	16	static
/usr/include/opencv4/opencv2/flann/any.h:80:8:virtual cvflann::anyimpl::big_any_policy<cvflann::anyimpl::empty_any>::~big_any_policy()	16	static
/usr/include/opencv4/opencv2/flann/any.h:80:8:cvflann::anyimpl::big_any_policy<std::__cxx11::basic_string<char> >::~big_any_policy()	16	static
/usr/include/opencv4/opencv2/flann/any.h:80:8:virtual cvflann::anyimpl::big_any_policy<std::__cxx11::basic_string<char> >::~big_any_policy()	16	static
/usr/include/opencv4/opencv2/flann/any.h:80:8:cvflann::anyimpl::big_any_policy<cvflann::flann_algorithm_t>::~big_any_policy()	16	static
/usr/include/opencv4/opencv2/flann/any.h:80:8:virtual cvflann::anyimpl::big_any_policy<cvflann::flann_algorithm_t>::~big_any_policy()	16	static
/usr/include/opencv4/opencv2/flann/any.h:80:8:cvflann::anyimpl::big_any_policy<cvflann::flann_centers_init_t>::~big_any_policy()	16	static
/usr/include/opencv4/opencv2/flann/any.h:80:8:virtual cvflann::anyimpl::big_any_policy<cvflann::flann_centers_init_t>::~big_any_policy()	16	static
capture.cpp:23:1:void __static_initialization_and_destruction_0(int, int)	16	static
/usr/include/opencv4/opencv2/flann/any.h:67:18:void cvflann::anyimpl::small_any_policy<T>::static_delete(void**) [with T = bool]	16	static
/usr/include/opencv4/opencv2/flann/any.h:68:18:void cvflann::anyimpl::small_any_policy<T>::copy_from_value(const void*, void**) [with T = bool]	24	static
/usr/include/opencv4/opencv2/flann/any.h:72:18:void cvflann::anyimpl::small_any_policy<T>::clone(void* const*, void**) [with T = bool]	24	static
/usr/include/opencv4/opencv2/flann/any.h:73:18:void cvflann::anyimpl::small_any_policy<T>::move(void* const*, void**) [with T = bool]	24	static
/usr/include/opencv4/opencv2/flann/any.h:74:19:void* cvflann::anyimpl::small_any_policy<T>::get_value(void**) [with T = bool]	16	static
/usr/include/opencv4/opencv2/flann/any.h:75:25:const void* cvflann::anyimpl::small_any_policy<T>::get_value(void* const*) [with T = bool]	16	static
/usr/include/opencv4/opencv2/flann/any.h:59:22:size_t cvflann::anyimpl::typed_base_any_policy<T>::get_size() [with T = bool]	16	static
/usr/include/opencv4/opencv2/flann/any.h:60:35:const std::type_info& cvflann::anyimpl::typed_base_any_policy<T>::type() [with T = bool]	16	static
/usr/include/opencv4/opencv2/flann/any.h:76:18:void cvflann::anyimpl::small_any_policy<T>::print(std::ostream&, void* const*) [with T = bool]	24	static
/usr/include/opencv4/opencv2/flann/any.h:67:18:void cvflann::anyimpl::small_any_policy<T>::static_delete(void**) [with T = float]	16	static
/usr/include/opencv4/opencv2/flann/any.h:68:18:void cvflann::anyimpl::small_any_policy<T>::copy_from_value(const void*, void**) [with T = float]	24	static
/usr/include/opencv4/opencv2/flann/any.h:72:18:void cvflann::anyimpl::small_any_policy<T>::clone(void* const*, void**) [with T = float]	24	static
/usr/include/opencv4/opencv2/flann/any.h:73:18:void cvflann::anyimpl::small_any_policy<T>::move(void* const*, void**) [with T = float]	24	static
/usr/include/opencv4/opencv2/flann/any.h:74:19:void* cvflann::anyimpl::small_any_policy<T>::get_value(void**) [with T = float]	16	static
/usr/include/opencv4/opencv2/flann/any.h:75:25:const void* cvflann::anyimpl::small_any_policy<T>::get_value(void* const*) [with T = float]	16	static
/usr/include/opencv4/opencv2/flann/any.h:59:22:size_t cvflann::anyimpl::typed_base_any_policy<T>::get_size() [with T = float]	16	static
/usr/include/opencv4/opencv2/flann/any.h:60:35:const std::type_info& cvflann::anyimpl::typed_base_any_policy<T>::type() [with T = float]	16	static
/usr/include/opencv4/opencv2/flann/any.h:76:18:void cvflann::anyimpl::small_any_policy<T>::print(std::ostream&, void* const*) [with T = float]	24	static
/usr/include/opencv4/opencv2/flann/any.h:67:18:void cvflann::anyimpl::small_any_policy<T>::static_delete(void**) [with T = int]	16	static
/usr/include/opencv4/opencv2/flann/any.h:68:18:void cvflann::anyimpl::small_any_policy<T>::copy_from_value(const void*, void**) [with T = int]	24	static
/usr/include/opencv4/opencv2/flann/any.h:72:18:void cvflann::anyimpl::small_any_policy<T>::clone(void* const*, void**) [with T = int]	24	static
/usr/include/opencv4/opencv2/flann/any.h:73:18:void cvflann::anyimpl::small_any_policy<T>::move(void* const*, void**) [with T = int]	24	static
/usr/include/opencv4/opencv2/flann/any.h:74:19:void* cvflann::anyimpl::small_any_policy<T>::get_value(void**) [with T = int]	16	static
/usr/include/opencv4/opencv2/flann/any.h:75:25:const void* cvflann::anyimpl::small_any_policy<T>::get_value(void* const*) [with T = int]	16	static
/usr/include/opencv4/opencv2/flann/any.h:59:22:size_t cvflann::anyimpl::typed_base_any_policy<T>::get_size() [with T = int]	16	static
/usr/include/opencv4/opencv2/flann/any.h:60:35:const std::type_info& cvflann::anyimpl::typed_base_any_policy<T>::type() [with T = int]	16	static
/usr/include/opencv4/opencv2/flann/any.h:76:18:void cvflann::anyimpl::small_any_policy<T>::print(std::ostream&, void* const*) [with T = int]	24	static
/usr/include/opencv4/opencv2/flann/any.h:67:18:void cvflann::anyimpl::small_any_policy<T>::static_delete(void**) [with T = const char*]	16	static
/usr/include/opencv4/opencv2/flann/any.h:68:18:void cvflann::anyimpl::small_any_policy<T>::copy_from_value(const void*, void**) [with T = const char*]	24	static
/usr/include/opencv4/opencv2/flann/any.h:72:18:void cvflann::anyimpl::small_any_policy<T>::clone(void* const*, void**) [with T = const char*]	24	static
/usr/include/opencv4/opencv2/flann/any.h:73:18:void cvflann::anyimpl::small_any_policy<T>::move(void* const*, void**) [with T = const char*]	24	static
/usr/include/opencv4/opencv2/flann/any.h:74:19:void* cvflann::anyimpl::small_any_policy<T>::get_value(void**) [with T = const char*]	16	static
/usr/include/opencv4/opencv2/flann/any.h:75:25:const void* cvflann::anyimpl::small_any_policy<T>::get_value(void* const*) [with T = const char*]	16	static
/usr/include/opencv4/opencv2/flann/any.h:59:22:size_t cvflann::anyimpl::typed_base_any_policy<T>::get_size() [with T = const char*]	16	static
/usr/include/opencv4/opencv2/flann/any.h:60:35:const std::type_info& cvflann::anyimpl::typed_base_any_policy<T>::type() [with T = const char*]	16	static
/usr/include/opencv4/opencv2/flann/any.h:76:18:void cvflann::anyimpl::small_any_policy<T>::print(std::ostream&, void* const*) [with T = const char*]	24	static
/usr/include/opencv4/opencv2/flann/any.h:82:18:void cvflann::anyimpl::big_any_policy<T>::static_delete(void**) [with T = cvflann::anyimpl::empty_any]	16	static
/usr/include/opencv4/opencv2/flann/any.h:87:18:void cvflann::anyimpl::big_any_policy<T>::copy_from_value(const void*, void**) [with T = cvflann::anyimpl::empty_any]	24	static
/usr/include/opencv4/opencv2/flann/any.h:91:18:void cvflann::anyimpl::big_any_policy<T>::clone(void* const*, void**) [with T = cvflann::anyimpl::empty_any]	24	static
/usr/include/opencv4/opencv2/flann/any.h:95:18:void cvflann::anyimpl::big_any_policy<T>::move(void* const*, void**) [with T = cvflann::anyimpl::empty_any]	24	static
/usr/include/opencv4/opencv2/flann/any.h:100:19:void* cvflann::anyimpl::big_any_policy<T>::get_value(void**) [with T = cvflann::anyimpl::empty_any]	16	static
/usr/include/opencv4/opencv2/flann/any.h:101:25:const void* cvflann::anyimpl::big_any_policy<T>::get_value(void* const*) [with T = cvflann::anyimpl::empty_any]	16	static
/usr/include/opencv4/opencv2/flann/any.h:59:22:size_t cvflann::anyimpl::typed_base_any_policy<T>::get_size() [with T = cvflann::anyimpl::empty_any]	16	static
/usr/include/opencv4/opencv2/flann/any.h:60:35:const std::type_info& cvflann::anyimpl::typed_base_any_policy<T>::type() [with T = cvflann::anyimpl::empty_any]	16	static
/usr/include/opencv4/opencv2/flann/any.h:102:18:void cvflann::anyimpl::big_any_policy<T>::print(std::ostream&, void* const*) [with T = cvflann::anyimpl::empty_any]	24	static
/usr/include/opencv4/opencv2/flann/any.h:82:18:void cvflann::anyimpl::big_any_policy<T>::static_delete(void**) [with T = std::__cxx11::basic_string<char>]	24	static
/usr/include/opencv4/opencv2/flann/any.h:87:18:void cvflann::anyimpl::big_any_policy<T>::copy_from_value(const void*, void**) [with T = std::__cxx11::basic_string<char>]	32	static
/usr/include/opencv4/opencv2/flann/any.h:91:18:void cvflann::anyimpl::big_any_policy<T>::clone(void* const*, void**) [with T = std::__cxx11::basic_string<char>]	32	static
/usr/include/opencv4/opencv2/flann/any.h:95:18:void cvflann::anyimpl::big_any_policy<T>::move(void* const*, void**) [with T = std::__cxx11::basic_string<char>]	24	static
/usr/include/opencv4/opencv2/flann/any.h:100:19:void* cvflann::anyimpl::big_any_policy<T>::get_value(void**) [with T = std::__cxx11::basic_string<char>]	16	static
/usr/include/opencv4/opencv2/flann/any.h:101:25:const void* cvflann::anyimpl::big_any_policy<T>::get_value(void* const*) [with T = std::__cxx11::basic_string<char>]	16	static
/usr/include/opencv4/opencv2/flann/any.h:59:22:size_t cvflann::anyimpl::typed_base_any_policy<T>::get_size() [with T = std::__cxx11::basic_string<char>]	16	static
/usr/include/opencv4/opencv2/flann/any.h:60:35:const std::type_info& cvflann::anyimpl::typed_base_any_policy<T>::type() [with T = std::__cxx11::basic_string<char>]	16	static
/usr/include/opencv4/opencv2/flann/any.h:82:18:void cvflann::anyimpl::big_any_policy<T>::static_delete(void**) [with T = cvflann::flann_algorithm_t]	16	static
/usr/include/opencv4/opencv2/flann/any.h:87:18:void cvflann::anyimpl::big_any_policy<T>::copy_from_value(const void*, void**) [with T = cvflann::flann_algorithm_t]	24	static
/usr/include/opencv4/opencv2/flann/any.h:91:18:void cvflann::anyimpl::big_any_policy<T>::clone(void* const*, void**) [with T = cvflann::flann_algorithm_t]	24	static
/usr/include/opencv4/opencv2/flann/any.h:95:18:void cvflann::anyimpl::big_any_policy<T>::move(void* const*, void**) [with T = cvflann::flann_algorithm_t]	24	static
/usr/include/opencv4/opencv2/flann/any.h:100:19:void* cvflann::anyimpl::big_any_policy<T>::get_value(void**) [with T = cvflann::flann_algorithm_t]	16	static
/usr/include/opencv4/opencv2/flann/any.h:101:25:const void* cvflann::anyimpl::big_any_policy<T>::get_value(void* const*) [with T = cvflann::flann_algorithm_t]	16	static
/usr/include/opencv4/opencv2/flann/any.h:59:22:size_t cvflann::anyimpl::typed_base_any_policy<T>::get_size() [with T = cvflann::flann_algorithm_t]	16	static
/usr/include/opencv4/opencv2/flann/any.h:60:35:const std::type_info& cvflann::anyimpl::typed_base_any_policy<T>::type() [with T = cvflann::flann_algorithm_t]	16	static
/usr/include/opencv4/opencv2/flann/any.h:82:18:void cvflann::anyimpl::big_any_policy<T>::static_delete(void**) [with T = cvflann::flann_centers_init_t]	16	static
/usr/include/opencv4/opencv2/flann/any.h:87:18:void cvflann::anyimpl::big_any_policy<T>::copy_from_value(const void*, void**) [with T = cvflann::flann_centers_init_t]	24	static
/usr/include/opencv4/opencv2/flann/any.h:91:18:void cvflann::anyimpl::big_any_policy<T>::clone(void* const*, void**) [with T = cvflann::flann_centers_init_t]	24	static
/usr/include/opencv4/opencv2/flann/any.h:95:18:void cvflann::anyimpl::big_any_policy<T>::move(void* const*, void**) [with T = cvflann::flann_centers_init_t]	24	static
/usr/include/opencv4/opencv2/flann/any.h:100:19:void* cvflann::anyimpl::big_any_policy<T>::get_value(void**) [with T = cvflann::flann_centers_init_t]	16	static
/usr/include/opencv4/opencv2/flann/any.h:101:25:const void* cvflann::anyimpl::big_any_policy<T>::get_value(void* const*) [with T = cvflann::flann_centers_init_t]	16	static
/usr/include/opencv4/opencv2/flann/any.h:59:22:size_t cvflann::anyimpl::typed_base_any_policy<T>::get_size() [with T = cvflann::flann_centers_init_t]	16	static
/usr/include/opencv4/opencv2/flann/any.h:60:35:const std::type_info& cvflann::anyimpl::typed_base_any_policy<T>::type() [with T = cvflann::flann_centers_init_t]	16	static
capture.cpp:23:1:cpp)	8	static
